Starting the development server...

Compiled successfully!

You can now view frontend in the browser.

  Local:            http://localhost:3000
  On Your Network:  http://192.168.139.1:3000

Note that the development build is not optimized.
To create a production build, use npm run build.

webpack compiled [1m[32msuccessfully[39m[22m
Compiling...
Compiled with warnings.

[eslint] 
src\pages\VideoMeet.jsx
  Line 291:48:  Function declared in a loop contains unsafe references to variable(s) 'connections', 'connections'  no-loop-func
  Line 317:52:  Function declared in a loop contains unsafe references to variable(s) 'connections', 'connections'  no-loop-func
  Line 505:61:  Function declared in a loop contains unsafe references to variable(s) 'connections', 'connections'  no-loop-func

Search for the keywords to learn more about each warning.
To ignore, add // eslint-disable-next-line to the line before.

[1m[33mWARNING[39m[22m in [1m[eslint] 
src\pages\VideoMeet.jsx
  Line 291:48:  Function declared in a loop contains unsafe references to variable(s) 'connections', 'connections'  no-loop-func
  Line 317:52:  Function declared in a loop contains unsafe references to variable(s) 'connections', 'connections'  no-loop-func
  Line 505:61:  Function declared in a loop contains unsafe references to variable(s) 'connections', 'connections'  no-loop-func

[39m[22m

webpack compiled with [1m[33m1 warning[39m[22m
Compiling...
Compiled with warnings.

[eslint] 
src\pages\VideoMeet.jsx
  Line 291:48:  Function declared in a loop contains unsafe references to variable(s) 'connections', 'connections'  no-loop-func
  Line 317:52:  Function declared in a loop contains unsafe references to variable(s) 'connections', 'connections'  no-loop-func
  Line 505:61:  Function declared in a loop contains unsafe references to variable(s) 'connections', 'connections'  no-loop-func

Search for the keywords to learn more about each warning.
To ignore, add // eslint-disable-next-line to the line before.

[1m[33mWARNING[39m[22m in [1m[eslint] 
src\pages\VideoMeet.jsx
  Line 291:48:  Function declared in a loop contains unsafe references to variable(s) 'connections', 'connections'  no-loop-func
  Line 317:52:  Function declared in a loop contains unsafe references to variable(s) 'connections', 'connections'  no-loop-func
  Line 505:61:  Function declared in a loop contains unsafe references to variable(s) 'connections', 'connections'  no-loop-func

[39m[22m

webpack compiled with [1m[33m1 warning[39m[22m
